2026-03-09 15:27:41,118 [ERROR] app - Exception on /mobile [GET]
Traceback (most recent call last):
  File "C:\Users\chandu s\OneDrive\Desktop\cy-023-iot-monitoring\.venv\Lib\site-packages\flask\app.py", line 1463, in wsgi_app
    response = self.full_dispatch_request()
  File "C:\Users\chandu s\OneDrive\Desktop\cy-023-iot-monitoring\.venv\Lib\site-packages\flask\app.py", line 872, in full_dispatch_request
    rv = self.handle_user_exception(e)
  File "C:\Users\chandu s\OneDrive\Desktop\cy-023-iot-monitoring\.venv\Lib\site-packages\flask_cors\extension.py", line 176, in wrapped_function
    return cors_after_request(app.make_response(f(*args, **kwargs)))
                                                ~^^^^^^^^^^^^^^^^^
  File "C:\Users\chandu s\OneDrive\Desktop\cy-023-iot-monitoring\.venv\Lib\site-packages\flask\app.py", line 870, in full_dispatch_request
    rv = self.dispatch_request()
  File "C:\Users\chandu s\OneDrive\Desktop\cy-023-iot-monitoring\.venv\Lib\site-packages\flask\app.py", line 855, in dispatch_request
    return self.ensure_sync(self.view_functions[rule.endpoint])(**view_args)  # type: ignore[no-any-return]
           ~~~~~~~~~~~~~~~~~~~~~~~~~~~~~~~~~~~~~~~~~~~~~~~~~~~~^^^^^^^^^^^^^
  File "C:\Users\chandu s\OneDrive\Desktop\cy-023-iot-monitoring\backend\app.py", line 215, in mobile_page
    with open(MOBILE_HTML, "r", encoding="utf-8") as f:
         ~~~~^^^^^^^^^^^^^^^^^^^^^^^^^^^^^^^^^^^^
FileNotFoundError: [Errno 2] No such file or directory: 'C:\\Users\\chandu s\\OneDrive\\Desktop\\cy-023-iot-monitoring\\backend\\mobile_app.html'
2026-03-09 15:27:58,200 [ERROR] app - Exception on /mobile [GET]
Traceback (most recent call last):
  File "C:\Users\chandu s\OneDrive\Desktop\cy-023-iot-monitoring\.venv\Lib\site-packages\flask\app.py", line 1463, in wsgi_app
    response = self.full_dispatch_request()
  File "C:\Users\chandu s\OneDrive\Desktop\cy-023-iot-monitoring\.venv\Lib\site-packages\flask\app.py", line 872, in full_dispatch_request
    rv = self.handle_user_exception(e)
  File "C:\Users\chandu s\OneDrive\Desktop\cy-023-iot-monitoring\.venv\Lib\site-packages\flask_cors\extension.py", line 176, in wrapped_function
    return cors_after_request(app.make_response(f(*args, **kwargs)))
                                                ~^^^^^^^^^^^^^^^^^
  File "C:\Users\chandu s\OneDrive\Desktop\cy-023-iot-monitoring\.venv\Lib\site-packages\flask\app.py", line 870, in full_dispatch_request
    rv = self.dispatch_request()
  File "C:\Users\chandu s\OneDrive\Desktop\cy-023-iot-monitoring\.venv\Lib\site-packages\flask\app.py", line 855, in dispatch_request
    return self.ensure_sync(self.view_functions[rule.endpoint])(**view_args)  # type: ignore[no-any-return]
           ~~~~~~~~~~~~~~~~~~~~~~~~~~~~~~~~~~~~~~~~~~~~~~~~~~~~^^^^^^^^^^^^^
  File "C:\Users\chandu s\OneDrive\Desktop\cy-023-iot-monitoring\backend\app.py", line 215, in mobile_page
    with open(MOBILE_HTML, "r", encoding="utf-8") as f:
         ~~~~^^^^^^^^^^^^^^^^^^^^^^^^^^^^^^^^^^^^
FileNotFoundError: [Errno 2] No such file or directory: 'C:\\Users\\chandu s\\OneDrive\\Desktop\\cy-023-iot-monitoring\\backend\\mobile_app.html'
2026-03-09 15:28:20,550 [ERROR] app - Exception on /mobile [GET]
Traceback (most recent call last):
  File "C:\Users\chandu s\OneDrive\Desktop\cy-023-iot-monitoring\.venv\Lib\site-packages\flask\app.py", line 1463, in wsgi_app
    response = self.full_dispatch_request()
  File "C:\Users\chandu s\OneDrive\Desktop\cy-023-iot-monitoring\.venv\Lib\site-packages\flask\app.py", line 872, in full_dispatch_request
    rv = self.handle_user_exception(e)
  File "C:\Users\chandu s\OneDrive\Desktop\cy-023-iot-monitoring\.venv\Lib\site-packages\flask_cors\extension.py", line 176, in wrapped_function
    return cors_after_request(app.make_response(f(*args, **kwargs)))
                                                ~^^^^^^^^^^^^^^^^^
  File "C:\Users\chandu s\OneDrive\Desktop\cy-023-iot-monitoring\.venv\Lib\site-packages\flask\app.py", line 870, in full_dispatch_request
    rv = self.dispatch_request()
  File "C:\Users\chandu s\OneDrive\Desktop\cy-023-iot-monitoring\.venv\Lib\site-packages\flask\app.py", line 855, in dispatch_request
    return self.ensure_sync(self.view_functions[rule.endpoint])(**view_args)  # type: ignore[no-any-return]
           ~~~~~~~~~~~~~~~~~~~~~~~~~~~~~~~~~~~~~~~~~~~~~~~~~~~~^^^^^^^^^^^^^
  File "C:\Users\chandu s\OneDrive\Desktop\cy-023-iot-monitoring\backend\app.py", line 215, in mobile_page
    with open(MOBILE_HTML, "r", encoding="utf-8") as f:
         ~~~~^^^^^^^^^^^^^^^^^^^^^^^^^^^^^^^^^^^^
FileNotFoundError: [Errno 2] No such file or directory: 'C:\\Users\\chandu s\\OneDrive\\Desktop\\cy-023-iot-monitoring\\backend\\mobile_app.html'
2026-03-09 15:28:40,524 [ERROR] app - Exception on /mobile [GET]
Traceback (most recent call last):
  File "C:\Users\chandu s\OneDrive\Desktop\cy-023-iot-monitoring\.venv\Lib\site-packages\flask\app.py", line 1463, in wsgi_app
    response = self.full_dispatch_request()
  File "C:\Users\chandu s\OneDrive\Desktop\cy-023-iot-monitoring\.venv\Lib\site-packages\flask\app.py", line 872, in full_dispatch_request
    rv = self.handle_user_exception(e)
  File "C:\Users\chandu s\OneDrive\Desktop\cy-023-iot-monitoring\.venv\Lib\site-packages\flask_cors\extension.py", line 176, in wrapped_function
    return cors_after_request(app.make_response(f(*args, **kwargs)))
                                                ~^^^^^^^^^^^^^^^^^
  File "C:\Users\chandu s\OneDrive\Desktop\cy-023-iot-monitoring\.venv\Lib\site-packages\flask\app.py", line 870, in full_dispatch_request
    rv = self.dispatch_request()
  File "C:\Users\chandu s\OneDrive\Desktop\cy-023-iot-monitoring\.venv\Lib\site-packages\flask\app.py", line 855, in dispatch_request
    return self.ensure_sync(self.view_functions[rule.endpoint])(**view_args)  # type: ignore[no-any-return]
           ~~~~~~~~~~~~~~~~~~~~~~~~~~~~~~~~~~~~~~~~~~~~~~~~~~~~^^^^^^^^^^^^^
  File "C:\Users\chandu s\OneDrive\Desktop\cy-023-iot-monitoring\backend\app.py", line 215, in mobile_page
    with open(MOBILE_HTML, "r", encoding="utf-8") as f:
         ~~~~^^^^^^^^^^^^^^^^^^^^^^^^^^^^^^^^^^^^
FileNotFoundError: [Errno 2] No such file or directory: 'C:\\Users\\chandu s\\OneDrive\\Desktop\\cy-023-iot-monitoring\\backend\\mobile_app.html'
2026-03-09 15:31:02,553 [ERROR] app - Exception on /mobile [GET]
Traceback (most recent call last):
  File "C:\Users\chandu s\OneDrive\Desktop\cy-023-iot-monitoring\.venv\Lib\site-packages\flask\app.py", line 1463, in wsgi_app
    response = self.full_dispatch_request()
  File "C:\Users\chandu s\OneDrive\Desktop\cy-023-iot-monitoring\.venv\Lib\site-packages\flask\app.py", line 872, in full_dispatch_request
    rv = self.handle_user_exception(e)
  File "C:\Users\chandu s\OneDrive\Desktop\cy-023-iot-monitoring\.venv\Lib\site-packages\flask_cors\extension.py", line 176, in wrapped_function
    return cors_after_request(app.make_response(f(*args, **kwargs)))
                                                ~^^^^^^^^^^^^^^^^^
  File "C:\Users\chandu s\OneDrive\Desktop\cy-023-iot-monitoring\.venv\Lib\site-packages\flask\app.py", line 870, in full_dispatch_request
    rv = self.dispatch_request()
  File "C:\Users\chandu s\OneDrive\Desktop\cy-023-iot-monitoring\.venv\Lib\site-packages\flask\app.py", line 855, in dispatch_request
    return self.ensure_sync(self.view_functions[rule.endpoint])(**view_args)  # type: ignore[no-any-return]
           ~~~~~~~~~~~~~~~~~~~~~~~~~~~~~~~~~~~~~~~~~~~~~~~~~~~~^^^^^^^^^^^^^
  File "C:\Users\chandu s\OneDrive\Desktop\cy-023-iot-monitoring\backend\app.py", line 215, in mobile_page
    with open(MOBILE_HTML, "r", encoding="utf-8") as f:
         ~~~~^^^^^^^^^^^^^^^^^^^^^^^^^^^^^^^^^^^^
FileNotFoundError: [Errno 2] No such file or directory: 'C:\\Users\\chandu s\\OneDrive\\Desktop\\cy-023-iot-monitoring\\backend\\mobile_app.html'
2026-03-09 15:31:06,088 [ERROR] app - Exception on /mobile [GET]
Traceback (most recent call last):
  File "C:\Users\chandu s\OneDrive\Desktop\cy-023-iot-monitoring\.venv\Lib\site-packages\flask\app.py", line 1463, in wsgi_app
    response = self.full_dispatch_request()
  File "C:\Users\chandu s\OneDrive\Desktop\cy-023-iot-monitoring\.venv\Lib\site-packages\flask\app.py", line 872, in full_dispatch_request
    rv = self.handle_user_exception(e)
  File "C:\Users\chandu s\OneDrive\Desktop\cy-023-iot-monitoring\.venv\Lib\site-packages\flask_cors\extension.py", line 176, in wrapped_function
    return cors_after_request(app.make_response(f(*args, **kwargs)))
                                                ~^^^^^^^^^^^^^^^^^
  File "C:\Users\chandu s\OneDrive\Desktop\cy-023-iot-monitoring\.venv\Lib\site-packages\flask\app.py", line 870, in full_dispatch_request
    rv = self.dispatch_request()
  File "C:\Users\chandu s\OneDrive\Desktop\cy-023-iot-monitoring\.venv\Lib\site-packages\flask\app.py", line 855, in dispatch_request
    return self.ensure_sync(self.view_functions[rule.endpoint])(**view_args)  # type: ignore[no-any-return]
           ~~~~~~~~~~~~~~~~~~~~~~~~~~~~~~~~~~~~~~~~~~~~~~~~~~~~^^^^^^^^^^^^^
  File "C:\Users\chandu s\OneDrive\Desktop\cy-023-iot-monitoring\backend\app.py", line 215, in mobile_page
    with open(MOBILE_HTML, "r", encoding="utf-8") as f:
         ~~~~^^^^^^^^^^^^^^^^^^^^^^^^^^^^^^^^^^^^
FileNotFoundError: [Errno 2] No such file or directory: 'C:\\Users\\chandu s\\OneDrive\\Desktop\\cy-023-iot-monitoring\\backend\\mobile_app.html'
2026-03-09 15:31:07,564 [ERROR] app - Exception on /mobile [GET]
Traceback (most recent call last):
  File "C:\Users\chandu s\OneDrive\Desktop\cy-023-iot-monitoring\.venv\Lib\site-packages\flask\app.py", line 1463, in wsgi_app
    response = self.full_dispatch_request()
  File "C:\Users\chandu s\OneDrive\Desktop\cy-023-iot-monitoring\.venv\Lib\site-packages\flask\app.py", line 872, in full_dispatch_request
    rv = self.handle_user_exception(e)
  File "C:\Users\chandu s\OneDrive\Desktop\cy-023-iot-monitoring\.venv\Lib\site-packages\flask_cors\extension.py", line 176, in wrapped_function
    return cors_after_request(app.make_response(f(*args, **kwargs)))
                                                ~^^^^^^^^^^^^^^^^^
  File "C:\Users\chandu s\OneDrive\Desktop\cy-023-iot-monitoring\.venv\Lib\site-packages\flask\app.py", line 870, in full_dispatch_request
    rv = self.dispatch_request()
  File "C:\Users\chandu s\OneDrive\Desktop\cy-023-iot-monitoring\.venv\Lib\site-packages\flask\app.py", line 855, in dispatch_request
    return self.ensure_sync(self.view_functions[rule.endpoint])(**view_args)  # type: ignore[no-any-return]
           ~~~~~~~~~~~~~~~~~~~~~~~~~~~~~~~~~~~~~~~~~~~~~~~~~~~~^^^^^^^^^^^^^
  File "C:\Users\chandu s\OneDrive\Desktop\cy-023-iot-monitoring\backend\app.py", line 215, in mobile_page
    with open(MOBILE_HTML, "r", encoding="utf-8") as f:
         ~~~~^^^^^^^^^^^^^^^^^^^^^^^^^^^^^^^^^^^^
FileNotFoundError: [Errno 2] No such file or directory: 'C:\\Users\\chandu s\\OneDrive\\Desktop\\cy-023-iot-monitoring\\backend\\mobile_app.html'
2026-03-09 15:31:11,922 [ERROR] app - Exception on /mobile [GET]
Traceback (most recent call last):
  File "C:\Users\chandu s\OneDrive\Desktop\cy-023-iot-monitoring\.venv\Lib\site-packages\flask\app.py", line 1463, in wsgi_app
    response = self.full_dispatch_request()
  File "C:\Users\chandu s\OneDrive\Desktop\cy-023-iot-monitoring\.venv\Lib\site-packages\flask\app.py", line 872, in full_dispatch_request
    rv = self.handle_user_exception(e)
  File "C:\Users\chandu s\OneDrive\Desktop\cy-023-iot-monitoring\.venv\Lib\site-packages\flask_cors\extension.py", line 176, in wrapped_function
    return cors_after_request(app.make_response(f(*args, **kwargs)))
                                                ~^^^^^^^^^^^^^^^^^
  File "C:\Users\chandu s\OneDrive\Desktop\cy-023-iot-monitoring\.venv\Lib\site-packages\flask\app.py", line 870, in full_dispatch_request
    rv = self.dispatch_request()
  File "C:\Users\chandu s\OneDrive\Desktop\cy-023-iot-monitoring\.venv\Lib\site-packages\flask\app.py", line 855, in dispatch_request
    return self.ensure_sync(self.view_functions[rule.endpoint])(**view_args)  # type: ignore[no-any-return]
           ~~~~~~~~~~~~~~~~~~~~~~~~~~~~~~~~~~~~~~~~~~~~~~~~~~~~^^^^^^^^^^^^^
  File "C:\Users\chandu s\OneDrive\Desktop\cy-023-iot-monitoring\backend\app.py", line 215, in mobile_page
    with open(MOBILE_HTML, "r", encoding="utf-8") as f:
         ~~~~^^^^^^^^^^^^^^^^^^^^^^^^^^^^^^^^^^^^
FileNotFoundError: [Errno 2] No such file or directory: 'C:\\Users\\chandu s\\OneDrive\\Desktop\\cy-023-iot-monitoring\\backend\\mobile_app.html'
2026-03-09 15:31:15,888 [ERROR] app - Exception on /mobile [GET]
Traceback (most recent call last):
  File "C:\Users\chandu s\OneDrive\Desktop\cy-023-iot-monitoring\.venv\Lib\site-packages\flask\app.py", line 1463, in wsgi_app
    response = self.full_dispatch_request()
  File "C:\Users\chandu s\OneDrive\Desktop\cy-023-iot-monitoring\.venv\Lib\site-packages\flask\app.py", line 872, in full_dispatch_request
    rv = self.handle_user_exception(e)
  File "C:\Users\chandu s\OneDrive\Desktop\cy-023-iot-monitoring\.venv\Lib\site-packages\flask_cors\extension.py", line 176, in wrapped_function
    return cors_after_request(app.make_response(f(*args, **kwargs)))
                                                ~^^^^^^^^^^^^^^^^^
  File "C:\Users\chandu s\OneDrive\Desktop\cy-023-iot-monitoring\.venv\Lib\site-packages\flask\app.py", line 870, in full_dispatch_request
    rv = self.dispatch_request()
  File "C:\Users\chandu s\OneDrive\Desktop\cy-023-iot-monitoring\.venv\Lib\site-packages\flask\app.py", line 855, in dispatch_request
    return self.ensure_sync(self.view_functions[rule.endpoint])(**view_args)  # type: ignore[no-any-return]
           ~~~~~~~~~~~~~~~~~~~~~~~~~~~~~~~~~~~~~~~~~~~~~~~~~~~~^^^^^^^^^^^^^
  File "C:\Users\chandu s\OneDrive\Desktop\cy-023-iot-monitoring\backend\app.py", line 215, in mobile_page
    with open(MOBILE_HTML, "r", encoding="utf-8") as f:
         ~~~~^^^^^^^^^^^^^^^^^^^^^^^^^^^^^^^^^^^^
FileNotFoundError: [Errno 2] No such file or directory: 'C:\\Users\\chandu s\\OneDrive\\Desktop\\cy-023-iot-monitoring\\backend\\mobile_app.html'
2026-03-09 15:31:17,261 [ERROR] app - Exception on /mobile [GET]
Traceback (most recent call last):
  File "C:\Users\chandu s\OneDrive\Desktop\cy-023-iot-monitoring\.venv\Lib\site-packages\flask\app.py", line 1463, in wsgi_app
    response = self.full_dispatch_request()
  File "C:\Users\chandu s\OneDrive\Desktop\cy-023-iot-monitoring\.venv\Lib\site-packages\flask\app.py", line 872, in full_dispatch_request
    rv = self.handle_user_exception(e)
  File "C:\Users\chandu s\OneDrive\Desktop\cy-023-iot-monitoring\.venv\Lib\site-packages\flask_cors\extension.py", line 176, in wrapped_function
    return cors_after_request(app.make_response(f(*args, **kwargs)))
                                                ~^^^^^^^^^^^^^^^^^
  File "C:\Users\chandu s\OneDrive\Desktop\cy-023-iot-monitoring\.venv\Lib\site-packages\flask\app.py", line 870, in full_dispatch_request
    rv = self.dispatch_request()
  File "C:\Users\chandu s\OneDrive\Desktop\cy-023-iot-monitoring\.venv\Lib\site-packages\flask\app.py", line 855, in dispatch_request
    return self.ensure_sync(self.view_functions[rule.endpoint])(**view_args)  # type: ignore[no-any-return]
           ~~~~~~~~~~~~~~~~~~~~~~~~~~~~~~~~~~~~~~~~~~~~~~~~~~~~^^^^^^^^^^^^^
  File "C:\Users\chandu s\OneDrive\Desktop\cy-023-iot-monitoring\backend\app.py", line 215, in mobile_page
    with open(MOBILE_HTML, "r", encoding="utf-8") as f:
         ~~~~^^^^^^^^^^^^^^^^^^^^^^^^^^^^^^^^^^^^
FileNotFoundError: [Errno 2] No such file or directory: 'C:\\Users\\chandu s\\OneDrive\\Desktop\\cy-023-iot-monitoring\\backend\\mobile_app.html'
2026-03-09 15:31:22,639 [ERROR] app - Exception on /mobile [GET]
Traceback (most recent call last):
  File "C:\Users\chandu s\OneDrive\Desktop\cy-023-iot-monitoring\.venv\Lib\site-packages\flask\app.py", line 1463, in wsgi_app
    response = self.full_dispatch_request()
  File "C:\Users\chandu s\OneDrive\Desktop\cy-023-iot-monitoring\.venv\Lib\site-packages\flask\app.py", line 872, in full_dispatch_request
    rv = self.handle_user_exception(e)
  File "C:\Users\chandu s\OneDrive\Desktop\cy-023-iot-monitoring\.venv\Lib\site-packages\flask_cors\extension.py", line 176, in wrapped_function
    return cors_after_request(app.make_response(f(*args, **kwargs)))
                                                ~^^^^^^^^^^^^^^^^^
  File "C:\Users\chandu s\OneDrive\Desktop\cy-023-iot-monitoring\.venv\Lib\site-packages\flask\app.py", line 870, in full_dispatch_request
    rv = self.dispatch_request()
  File "C:\Users\chandu s\OneDrive\Desktop\cy-023-iot-monitoring\.venv\Lib\site-packages\flask\app.py", line 855, in dispatch_request
    return self.ensure_sync(self.view_functions[rule.endpoint])(**view_args)  # type: ignore[no-any-return]
           ~~~~~~~~~~~~~~~~~~~~~~~~~~~~~~~~~~~~~~~~~~~~~~~~~~~~^^^^^^^^^^^^^
  File "C:\Users\chandu s\OneDrive\Desktop\cy-023-iot-monitoring\backend\app.py", line 215, in mobile_page
    with open(MOBILE_HTML, "r", encoding="utf-8") as f:
         ~~~~^^^^^^^^^^^^^^^^^^^^^^^^^^^^^^^^^^^^
FileNotFoundError: [Errno 2] No such file or directory: 'C:\\Users\\chandu s\\OneDrive\\Desktop\\cy-023-iot-monitoring\\backend\\mobile_app.html'
2026-03-09 15:31:24,339 [ERROR] app - Exception on /mobile [GET]
Traceback (most recent call last):
  File "C:\Users\chandu s\OneDrive\Desktop\cy-023-iot-monitoring\.venv\Lib\site-packages\flask\app.py", line 1463, in wsgi_app
    response = self.full_dispatch_request()
  File "C:\Users\chandu s\OneDrive\Desktop\cy-023-iot-monitoring\.venv\Lib\site-packages\flask\app.py", line 872, in full_dispatch_request
    rv = self.handle_user_exception(e)
  File "C:\Users\chandu s\OneDrive\Desktop\cy-023-iot-monitoring\.venv\Lib\site-packages\flask_cors\extension.py", line 176, in wrapped_function
    return cors_after_request(app.make_response(f(*args, **kwargs)))
                                                ~^^^^^^^^^^^^^^^^^
  File "C:\Users\chandu s\OneDrive\Desktop\cy-023-iot-monitoring\.venv\Lib\site-packages\flask\app.py", line 870, in full_dispatch_request
    rv = self.dispatch_request()
  File "C:\Users\chandu s\OneDrive\Desktop\cy-023-iot-monitoring\.venv\Lib\site-packages\flask\app.py", line 855, in dispatch_request
    return self.ensure_sync(self.view_functions[rule.endpoint])(**view_args)  # type: ignore[no-any-return]
           ~~~~~~~~~~~~~~~~~~~~~~~~~~~~~~~~~~~~~~~~~~~~~~~~~~~~^^^^^^^^^^^^^
  File "C:\Users\chandu s\OneDrive\Desktop\cy-023-iot-monitoring\backend\app.py", line 215, in mobile_page
    with open(MOBILE_HTML, "r", encoding="utf-8") as f:
         ~~~~^^^^^^^^^^^^^^^^^^^^^^^^^^^^^^^^^^^^
FileNotFoundError: [Errno 2] No such file or directory: 'C:\\Users\\chandu s\\OneDrive\\Desktop\\cy-023-iot-monitoring\\backend\\mobile_app.html'
2026-03-09 15:31:29,270 [ERROR] app - Exception on /mobile [GET]
Traceback (most recent call last):
  File "C:\Users\chandu s\OneDrive\Desktop\cy-023-iot-monitoring\.venv\Lib\site-packages\flask\app.py", line 1463, in wsgi_app
    response = self.full_dispatch_request()
  File "C:\Users\chandu s\OneDrive\Desktop\cy-023-iot-monitoring\.venv\Lib\site-packages\flask\app.py", line 872, in full_dispatch_request
    rv = self.handle_user_exception(e)
  File "C:\Users\chandu s\OneDrive\Desktop\cy-023-iot-monitoring\.venv\Lib\site-packages\flask_cors\extension.py", line 176, in wrapped_function
    return cors_after_request(app.make_response(f(*args, **kwargs)))
                                                ~^^^^^^^^^^^^^^^^^
  File "C:\Users\chandu s\OneDrive\Desktop\cy-023-iot-monitoring\.venv\Lib\site-packages\flask\app.py", line 870, in full_dispatch_request
    rv = self.dispatch_request()
  File "C:\Users\chandu s\OneDrive\Desktop\cy-023-iot-monitoring\.venv\Lib\site-packages\flask\app.py", line 855, in dispatch_request
    return self.ensure_sync(self.view_functions[rule.endpoint])(**view_args)  # type: ignore[no-any-return]
           ~~~~~~~~~~~~~~~~~~~~~~~~~~~~~~~~~~~~~~~~~~~~~~~~~~~~^^^^^^^^^^^^^
  File "C:\Users\chandu s\OneDrive\Desktop\cy-023-iot-monitoring\backend\app.py", line 215, in mobile_page
    with open(MOBILE_HTML, "r", encoding="utf-8") as f:
         ~~~~^^^^^^^^^^^^^^^^^^^^^^^^^^^^^^^^^^^^
FileNotFoundError: [Errno 2] No such file or directory: 'C:\\Users\\chandu s\\OneDrive\\Desktop\\cy-023-iot-monitoring\\backend\\mobile_app.html'
2026-03-09 15:31:32,355 [ERROR] app - Exception on /mobile [GET]
Traceback (most recent call last):
  File "C:\Users\chandu s\OneDrive\Desktop\cy-023-iot-monitoring\.venv\Lib\site-packages\flask\app.py", line 1463, in wsgi_app
    response = self.full_dispatch_request()
  File "C:\Users\chandu s\OneDrive\Desktop\cy-023-iot-monitoring\.venv\Lib\site-packages\flask\app.py", line 872, in full_dispatch_request
    rv = self.handle_user_exception(e)
  File "C:\Users\chandu s\OneDrive\Desktop\cy-023-iot-monitoring\.venv\Lib\site-packages\flask_cors\extension.py", line 176, in wrapped_function
    return cors_after_request(app.make_response(f(*args, **kwargs)))
                                                ~^^^^^^^^^^^^^^^^^
  File "C:\Users\chandu s\OneDrive\Desktop\cy-023-iot-monitoring\.venv\Lib\site-packages\flask\app.py", line 870, in full_dispatch_request
    rv = self.dispatch_request()
  File "C:\Users\chandu s\OneDrive\Desktop\cy-023-iot-monitoring\.venv\Lib\site-packages\flask\app.py", line 855, in dispatch_request
    return self.ensure_sync(self.view_functions[rule.endpoint])(**view_args)  # type: ignore[no-any-return]
           ~~~~~~~~~~~~~~~~~~~~~~~~~~~~~~~~~~~~~~~~~~~~~~~~~~~~^^^^^^^^^^^^^
  File "C:\Users\chandu s\OneDrive\Desktop\cy-023-iot-monitoring\backend\app.py", line 215, in mobile_page
    with open(MOBILE_HTML, "r", encoding="utf-8") as f:
         ~~~~^^^^^^^^^^^^^^^^^^^^^^^^^^^^^^^^^^^^
FileNotFoundError: [Errno 2] No such file or directory: 'C:\\Users\\chandu s\\OneDrive\\Desktop\\cy-023-iot-monitoring\\backend\\mobile_app.html'
2026-03-09 15:31:37,920 [ERROR] app - Exception on /mobile [GET]
Traceback (most recent call last):
  File "C:\Users\chandu s\OneDrive\Desktop\cy-023-iot-monitoring\.venv\Lib\site-packages\flask\app.py", line 1463, in wsgi_app
    response = self.full_dispatch_request()
  File "C:\Users\chandu s\OneDrive\Desktop\cy-023-iot-monitoring\.venv\Lib\site-packages\flask\app.py", line 872, in full_dispatch_request
    rv = self.handle_user_exception(e)
  File "C:\Users\chandu s\OneDrive\Desktop\cy-023-iot-monitoring\.venv\Lib\site-packages\flask_cors\extension.py", line 176, in wrapped_function
    return cors_after_request(app.make_response(f(*args, **kwargs)))
                                                ~^^^^^^^^^^^^^^^^^
  File "C:\Users\chandu s\OneDrive\Desktop\cy-023-iot-monitoring\.venv\Lib\site-packages\flask\app.py", line 870, in full_dispatch_request
    rv = self.dispatch_request()
  File "C:\Users\chandu s\OneDrive\Desktop\cy-023-iot-monitoring\.venv\Lib\site-packages\flask\app.py", line 855, in dispatch_request
    return self.ensure_sync(self.view_functions[rule.endpoint])(**view_args)  # type: ignore[no-any-return]
           ~~~~~~~~~~~~~~~~~~~~~~~~~~~~~~~~~~~~~~~~~~~~~~~~~~~~^^^^^^^^^^^^^
  File "C:\Users\chandu s\OneDrive\Desktop\cy-023-iot-monitoring\backend\app.py", line 215, in mobile_page
    with open(MOBILE_HTML, "r", encoding="utf-8") as f:
         ~~~~^^^^^^^^^^^^^^^^^^^^^^^^^^^^^^^^^^^^
FileNotFoundError: [Errno 2] No such file or directory: 'C:\\Users\\chandu s\\OneDrive\\Desktop\\cy-023-iot-monitoring\\backend\\mobile_app.html'
